// Jest Snapshot v1, https://goo.gl/fbAQLP

exports[`Storyshots Yabble/Atoms/DotsLoading Dots 1`] = `
<div
  className="dots-loading"
>
  <div
    className="dots-loading__dot"
    style={
      Object {
        "backgroundColor": "#2c6ced",
      }
    }
  />
  <div
    className="dots-loading__dot"
    style={
      Object {
        "backgroundColor": "#2c6ced",
      }
    }
  />
  <div
    className="dots-loading__dot"
    style={
      Object {
        "backgroundColor": "#2c6ced",
      }
    }
  />
</div>
`;
